Godot Engine v4.3.stable.official.77dcf97d8 - https://godotengine.org

[SquadManager] ready, bound to 'squad_manager'
[Catalogue] 10 items, 1 chassis: ["soldier"]
WARNING: Campaign: level loaded but in_mission is false, so NO enemy force will spawn and the objective HUD will stay hidden. If you launched this level directly, set Campaign.debug_mission.
     at: push_warning (core/variant/variant_utility.cpp:1112)
ERROR: BUG: Unreferenced static string to 0: _exit_world
   at: unref (core/string/string_name.cpp:127)
ERROR: BUG: Unreferenced static string to 0: _request_gizmo_for_id
   at: unref (core/string/string_name.cpp:127)
ERROR: BUG: Unreferenced static string to 0: _enter_world
   at: unref (core/string/string_name.cpp:127)
ERROR: BUG: Unreferenced static string to 0: use_dynamic_gi
   at: unref (core/string/string_name.cpp:127)
ERROR: BUG: Unreferenced static string to 0: Variant
   at: unref (core/string/string_name.cpp:127)
ERROR: BUG: Unreferenced static string to 0: @export_range
   at: unref (core/string/string_name.cpp:129)
ERROR: BUG: Unreferenced static string to 0: @export_multiline
   at: unref (core/string/string_name.cpp:129)
ERROR: BUG: Unreferenced static string to 0: @export_enum
   at: unref (core/string/string_name.cpp:129)
ERROR: BUG: Unreferenced static string to 0: @export_node_path
   at: unref (core/string/string_name.cpp:129)
ERROR: BUG: Unreferenced static string to 0: @export_category
   at: unref (core/string/string_name.cpp:129)
ERROR: BUG: Unreferenced static string to 0: @export_flags
   at: unref (core/string/string_name.cpp:129)
ERROR: BUG: Unreferenced static string to 0: @export_group
   at: unref (core/string/string_name.cpp:129)
ERROR: BUG: Unreferenced static string to 0: @export_placeholder
   at: unref (core/string/string_name.cpp:129)
ERROR: BUG: Unreferenced static string to 0: @icon
   at: unref (core/string/string_name.cpp:129)
WARNING: A Thread object is being destroyed without its completion having been realized.
Please call wait_to_finish() on it to ensure correct cleanup.
     at: ~Thread (core/os/thread.cpp:105)
ERROR: Pages in use exist at exit in PagedAllocator: N7Variant5Pools11BucketLargeE
   at: ~PagedAllocator (./core/templates/paged_allocator.h:170)
